---
source: src/ui/mod.rs
expression: "draw(&mut app, 80, 16).backend()"
---
"     ╭ Commandes ─────────────────────────────────────────────────────────╮     "
"     │ Tapez pour filtrer…                                                │     "
"     │                                                                    │     "
"     │▌ /new                    Nouvelle conversation              Ctrl+N │     "
"     │  /history                Liste des conversations            Ctrl+L │     "
"     │  /model [nom]            Choisir le modèle (ou le nommer directemen│     "
"     │  /context                Taille du contexte et détail              │     "
"     │  /prompt                 Voir exactement ce qui part au modèle     │     "
"     │  /add <fichier>          Joindre un fichier texte au contexte (Tab │     "
"     │  /clear                  Vider le contexte (l'historique reste affi│     "
"     │  /compact                Résumer l'historique pour libérer le conte│     "
"     │  /index <dossier> [nom]  Indexer un dossier de documents pour la re│     "
"╭ Mes│  /collections            Collections de documents indexées         │────╮"
"│ Écr│  /help                   Commandes et raccourcis                F1 │    │"
"╰────│  /quit                   Quitter                            Ctrl+C │────╯"
" ● Pr╰────────────────────────────────────── Entrée lancer · Échap fermer ╯rmer "
