---
source: src/ui/mod.rs
expression: "draw(&mut app, 80, 14).backend()"
---
"                                                                                "
"                                                                                "
"                                                                                "
"                                    chatatui                                    "
"                           modèle : Ollama › llama3.2                           "
"                                                                                "
"╭ Commandes ────────────────────────────────╮us pour commencer.                 "
"│ /history  Liste des conversations  Ctrl+L │r la palette, F1 pour l'aide.      "
"│▌/help     Commandes et raccourcis  F1     │                                   "
"╰───────────────────────────────────────────╯                                   "
"╭ Message ─────────────────────────────────────────────────────────────────────╮"
"│/h                                                                            │"
"╰──────────────────────────────────────────────────────────────────────────────╯"
" ● Prêt │ Ollama › llama3.2                       Tab compléter · Entrée lancer "
