---
source: src/ui/mod.rs
expression: "draw(&mut app, 70, 12).backend()"
---
"                                                                      "
"        Allô ?                                                        "
"                                                                      "
"✳ ✖ Ollama injoignable sur http://localhost:11434/v1                  "
"                                                                      "
"                                                                      "
"                                                                      "
"                                                                      "
"── Message ───────────────────────────────────────────────────────────"
"  Écrivez votre message…                                              "
"                                                                      "
" ● Prêt │ Ollama › llama3.2 │ ctx ≈29            / commandes · Ctrl+P "
