---
source: src/ui/mod.rs
expression: "draw(&mut app, 80, 24).backend()"
---
"                                                                                "
"                                                                                "
"                                                                                "
"                                                                                "
"                                                                                "
"  ╭ Collections de documents ────────────────────────────────────────────────╮  "
"  │ rust  il y a 2 h  ⌕ cette conversation                                   │  "
"  │   /home/damien/cours/rust                                                │  "
"  │   42 documents · 1 318 passages · bge-m3 · types : pdf, md               │  "
"  │   ⚠ 2 fichiers modifiés depuis l'indexation : /index rust                │  "
"  │                                                                          │  "
"  │ Dernière indexation                                                      │  "
"  │ « rust » indexée : 43 fichiers, 40 ajoutés, 2 modifiés, 1 ignorés, 1 318 │  "
"  │ passages écrits                                                          │  "
"  │   ✖ scans/tp1.pdf — PDF sans texte (scan ?)                              │  "
"  │                                                                          │  "
"  │ Embeddings : Ollama / bge-m3                                             │  "
"  │ /index <dossier> [nom] [--types pdf,md] indexe · /index <nom> met à jour │  "
"  │ · /rag <nom> l'utilise pour répondre · /forget <nom> la supprime         │  "
"  ╰──────────────────────────────────────────────────────────── Échap fermer ╯  "
"╭ Message ─────────────────────────────────────────────────────────────────────╮"
"│ Écrivez votre message…                                                       │"
"╰──────────────────────────────────────────────────────────────────────────────╯"
" ● Prêt │ Ollama › llama3.2 │ ⌕ rust        ↑↓ PgUp PgDn défiler · Échap fermer "
