---
source: src/ui/mod.rs
expression: "draw(&mut app, 80, 26).backend()"
---
"                                                                                "
"  ╭ Aide ────────────────────────────────────────────────────────────────────╮  "
"  │ Commandes (tapez / ou Ctrl+P)                                            │  "
"  │  /new                    Nouvelle conversation  (Ctrl+N)                 │  "
"  │  /history                Liste des conversations  (Ctrl+L)               │  "
"  │  /model [nom]            Choisir le modèle (ou le nommer directement)  (F│  "
"  │  /context                Taille du contexte et détail                    │  "
"  │  /prompt                 Voir exactement ce qui part au modèle           │  "
"  │  /add <fichier>          Joindre un fichier texte au contexte (Tab complè│  "
"  │  /clear                  Vider le contexte (l'historique reste affiché)  │  "
"  │  /compact                Résumer l'historique pour libérer le contexte   │  "
"  │  /index <dossier> [nom]  Indexer un dossier (--types pdf,md pour filtrer)│  "
"  │  /collections            Collections de documents indexées               │  "
"  │  /rag <collection>|off   Répondre à partir d'une collection de documents │  "
"  │  /forget <collection>    Supprimer une collection (pas vos fichiers)     │  "
"  │  /help                   Commandes et raccourcis  (F1)                   │  "
"  │  /quit                   Quitter  (Ctrl+C)                               │  "
"  │  //texte envoie un message qui commence par /                            │  "
"  │                                                                          │  "
"  │ Raccourcis                                                               │  "
"  │  Entrée               envoyer                                            │  "
"  │  Alt+Entrée, Ctrl+J   nouvelle ligne                                     │  "
"╭ │  Échap                fermer / annuler la génération                     │─╮"
"│ │  PgUp PgDn, molette   faire défiler                                      │ │"
"╰─╰──────────────────────────────────────────────────── 22/26 · Échap fermer ╯─╯"
" ● Prêt │ Ollama › llama3.2                 ↑↓ PgUp PgDn défiler · Échap fermer "
