---
source: src/ui/mod.rs
expression: "draw(&mut app, 80, 26).backend()"
---
"                                                                                "
"  ╭ Aide ────────────────────────────────────────────────────────────────────╮  "
"  │ Commandes (tapez / ou Ctrl+P)                                            │  "
"  │  /new            Nouvelle conversation  (Ctrl+N)                         │  "
"  │  /history        Liste des conversations  (Ctrl+L)                       │  "
"  │  /model [nom]    Choisir le modèle (ou le nommer directement)  (F2)      │  "
"  │  /context        Taille du contexte et détail                            │  "
"  │  /prompt         Voir exactement ce qui part au modèle                   │  "
"  │  /add <fichier>  Joindre un fichier texte au contexte (Tab complète le ch│  "
"  │  /clear          Vider le contexte (l'historique reste affiché)          │  "
"  │  /compact        Résumer l'historique pour libérer le contexte           │  "
"  │  /help           Commandes et raccourcis  (F1)                           │  "
"  │  /quit           Quitter  (Ctrl+C)                                       │  "
"  │  //texte envoie un message qui commence par /                            │  "
"  │                                                                          │  "
"  │ Raccourcis                                                               │  "
"  │  Entrée               envoyer                                            │  "
"  │  Alt+Entrée, Ctrl+J   nouvelle ligne                                     │  "
"  │  Échap                fermer / annuler la génération                     │  "
"  │  PgUp PgDn, molette   faire défiler                                      │  "
"  │  ↑ ↓ (saisie vide)    défiler d'une ligne                                │  "
"  │  Ctrl+Début Ctrl+Fin  haut / bas de la conversation                      │  "
"╭ │  Ctrl+P               palette de commandes                               │─╮"
"│ │  ↑ ↓ PgUp PgDn        faire défiler une fenêtre comme celle-ci           │ │"
"╰─╰──────────────────────────────────────────────────────────── Échap fermer ╯─╯"
" ● Prêt │ Ollama › llama3.2                 ↑↓ PgUp PgDn défiler · Échap fermer "
